Archive member included because of file (symbol)

c:/myfiles/science/electronics/microcontrollers/gnu tools arm embedded/4.7 2013q3/bin/../lib/gcc/arm-none-eabi/4.7.4/armv6-m\libgcc.a(_udivsi3.o)
                              ..\obj\stm32f0xx_rcc.o (__aeabi_uidiv)
c:/myfiles/science/electronics/microcontrollers/gnu tools arm embedded/4.7 2013q3/bin/../lib/gcc/arm-none-eabi/4.7.4/armv6-m\libgcc.a(_dvmd_tls.o)
                              c:/myfiles/science/electronics/microcontrollers/gnu tools arm embedded/4.7 2013q3/bin/../lib/gcc/arm-none-eabi/4.7.4/armv6-m\libgcc.a(_udivsi3.o) (__aeabi_idiv0)

Allocating common symbols
Common symbol       size              file

ticks_to_wait       0x2               ..\obj\sys.o

Discarded input sections

 .text          0x00000000        0x0 ..\obj\stm32f0xx_rcc.o
 .bss           0x00000000        0x0 ..\obj\stm32f0xx_rcc.o
 .text.RCC_DeInit
                0x00000000       0x88 ..\obj\stm32f0xx_rcc.o
 .text.RCC_HSEConfig
                0x00000000       0x24 ..\obj\stm32f0xx_rcc.o
 .text.RCC_WaitForHSEStartUp
                0x00000000       0x60 ..\obj\stm32f0xx_rcc.o
 .text.RCC_AdjustHSICalibrationValue
                0x00000000       0x3c ..\obj\stm32f0xx_rcc.o
 .text.RCC_HSICmd
                0x00000000       0x38 ..\obj\stm32f0xx_rcc.o
 .text.RCC_AdjustHSI14CalibrationValue
                0x00000000       0x3c ..\obj\stm32f0xx_rcc.o
 .text.RCC_HSI14Cmd
                0x00000000       0x38 ..\obj\stm32f0xx_rcc.o
 .text.RCC_HSI14ADCRequestCmd
                0x00000000       0x38 ..\obj\stm32f0xx_rcc.o
 .text.RCC_LSEConfig
                0x00000000       0x38 ..\obj\stm32f0xx_rcc.o
 .text.RCC_LSEDriveConfig
                0x00000000       0x2c ..\obj\stm32f0xx_rcc.o
 .text.RCC_LSICmd
                0x00000000       0x38 ..\obj\stm32f0xx_rcc.o
 .text.RCC_PLLConfig
                0x00000000       0x34 ..\obj\stm32f0xx_rcc.o
 .text.RCC_PLLCmd
                0x00000000       0x40 ..\obj\stm32f0xx_rcc.o
 .text.RCC_PREDIV1Config
                0x00000000       0x34 ..\obj\stm32f0xx_rcc.o
 .text.RCC_ClockSecuritySystemCmd
                0x00000000       0x40 ..\obj\stm32f0xx_rcc.o
 .text.RCC_MCOConfig
                0x00000000       0x44 ..\obj\stm32f0xx_rcc.o
 .text.RCC_SYSCLKConfig
                0x00000000       0x34 ..\obj\stm32f0xx_rcc.o
 .text.RCC_GetSYSCLKSource
                0x00000000       0x1c ..\obj\stm32f0xx_rcc.o
 .text.RCC_HCLKConfig
                0x00000000       0x34 ..\obj\stm32f0xx_rcc.o
 .text.RCC_PCLKConfig
                0x00000000       0x38 ..\obj\stm32f0xx_rcc.o
 .text.RCC_ADCCLKConfig
                0x00000000       0x50 ..\obj\stm32f0xx_rcc.o
 .text.RCC_CECCLKConfig
                0x00000000       0x2c ..\obj\stm32f0xx_rcc.o
 .text.RCC_I2CCLKConfig
                0x00000000       0x2c ..\obj\stm32f0xx_rcc.o
 .text.RCC_USARTCLKConfig
                0x00000000       0x2c ..\obj\stm32f0xx_rcc.o
 .text.RCC_RTCCLKConfig
                0x00000000       0x20 ..\obj\stm32f0xx_rcc.o
 .text.RCC_RTCCLKCmd
                0x00000000       0x40 ..\obj\stm32f0xx_rcc.o
 .text.RCC_BackupResetCmd
                0x00000000       0x40 ..\obj\stm32f0xx_rcc.o
 .text.RCC_APB1PeriphClockCmd
                0x00000000       0x3c ..\obj\stm32f0xx_rcc.o
 .text.RCC_AHBPeriphResetCmd
                0x00000000       0x3c ..\obj\stm32f0xx_rcc.o
 .text.RCC_APB2PeriphResetCmd
                0x00000000       0x3c ..\obj\stm32f0xx_rcc.o
 .text.RCC_APB1PeriphResetCmd
                0x00000000       0x3c ..\obj\stm32f0xx_rcc.o
 .text.RCC_ITConfig
                0x00000000       0x50 ..\obj\stm32f0xx_rcc.o
 .text.RCC_GetFlagStatus
                0x00000000       0x90 ..\obj\stm32f0xx_rcc.o
 .text.RCC_ClearFlag
                0x00000000       0x1c ..\obj\stm32f0xx_rcc.o
 .text.RCC_GetITStatus
                0x00000000       0x44 ..\obj\stm32f0xx_rcc.o
 .text.RCC_ClearITPendingBit
                0x00000000       0x20 ..\obj\stm32f0xx_rcc.o
 .text          0x00000000        0x0 ..\obj\sys.o
 .data          0x00000000        0x0 ..\obj\sys.o
 .bss           0x00000000        0x0 ..\obj\sys.o
 .text          0x00000000        0x0 ..\obj\main.o
 .data          0x00000000        0x0 ..\obj\main.o
 .bss           0x00000000        0x0 ..\obj\main.o
 .text          0x00000000       0x14 ..\obj\startup_stm32f0xx.o
 .data          0x00000000        0x0 ..\obj\startup_stm32f0xx.o
 .bss           0x00000000        0x0 ..\obj\startup_stm32f0xx.o
 .text          0x00000000        0x0 ..\obj\font.o
 .data          0x00000000        0x0 ..\obj\font.o
 .bss           0x00000000        0x0 ..\obj\font.o
 .text          0x00000000        0x0 ..\obj\printf.o
 .bss           0x00000000        0x0 ..\obj\printf.o
 .text.snprintf
                0x00000000       0x34 ..\obj\printf.o
 .text.fprintf  0x00000000       0x34 ..\obj\printf.o
 .text.sprintf  0x00000000       0x34 ..\obj\printf.o
 .text.puts     0x00000000       0x28 ..\obj\printf.o
 .text          0x00000000        0x0 ..\obj\LCD.o
 .data          0x00000000        0x0 ..\obj\LCD.o
 .bss           0x00000000        0x0 ..\obj\LCD.o
 .text          0x00000000        0x0 ..\obj\stm32f0xx_spi.o
 .data          0x00000000        0x0 ..\obj\stm32f0xx_spi.o
 .bss           0x00000000        0x0 ..\obj\stm32f0xx_spi.o
 .text.SPI_I2S_DeInit
                0x00000000       0x58 ..\obj\stm32f0xx_spi.o
 .text.SPI_StructInit
                0x00000000       0x48 ..\obj\stm32f0xx_spi.o
 .text.I2S_StructInit
                0x00000000       0x34 ..\obj\stm32f0xx_spi.o
 .text.I2S_Init
                0x00000000      0x1c0 ..\obj\stm32f0xx_spi.o
 .text.SPI_TIModeCmd
                0x00000000       0x40 ..\obj\stm32f0xx_spi.o
 .text.I2S_Cmd  0x00000000       0x44 ..\obj\stm32f0xx_spi.o
 .text.SPI_DataSizeConfig
                0x00000000       0x58 ..\obj\stm32f0xx_spi.o
 .text.SPI_BiDirectionalLineConfig
                0x00000000       0x48 ..\obj\stm32f0xx_spi.o
 .text.SPI_NSSInternalSoftwareConfig
                0x00000000       0x4c ..\obj\stm32f0xx_spi.o
 .text.SPI_SSOutputCmd
                0x00000000       0x40 ..\obj\stm32f0xx_spi.o
 .text.SPI_NSSPulseModeCmd
                0x00000000       0x40 ..\obj\stm32f0xx_spi.o
 .text.SPI_I2S_SendData16
                0x00000000       0x1c ..\obj\stm32f0xx_spi.o
 .text.SPI_I2S_ReceiveData16
                0x00000000       0x18 ..\obj\stm32f0xx_spi.o
 .text.SPI_CRCLengthConfig
                0x00000000       0x3c ..\obj\stm32f0xx_spi.o
 .text.SPI_TransmitCRC
                0x00000000       0x20 ..\obj\stm32f0xx_spi.o
 .text.SPI_GetCRC
                0x00000000       0x44 ..\obj\stm32f0xx_spi.o
 .text.SPI_GetCRCPolynomial
                0x00000000       0x18 ..\obj\stm32f0xx_spi.o
 .text.SPI_I2S_DMACmd
                0x00000000       0x48 ..\obj\stm32f0xx_spi.o
 .text.SPI_LastDMATransferCmd
                0x00000000       0x3c ..\obj\stm32f0xx_spi.o
 .text.SPI_I2S_ITConfig
                0x00000000       0x7c ..\obj\stm32f0xx_spi.o
 .text.SPI_GetTransmissionFIFOStatus
                0x00000000       0x20 ..\obj\stm32f0xx_spi.o
 .text.SPI_GetReceptionFIFOStatus
                0x00000000       0x20 ..\obj\stm32f0xx_spi.o
 .text.SPI_I2S_ClearFlag
                0x00000000       0x20 ..\obj\stm32f0xx_spi.o
 .text.SPI_I2S_GetITStatus
                0x00000000       0xb0 ..\obj\stm32f0xx_spi.o
 .text          0x00000000        0x0 ..\obj\system_stm32f0xx_temp.o
 .bss           0x00000000        0x0 ..\obj\system_stm32f0xx_temp.o
 .text.SystemCoreClockUpdate1
                0x00000000       0xd0 ..\obj\system_stm32f0xx_temp.o
 .text          0x00000000        0x0 ..\obj\stm32f0xx_gpio.o
 .data          0x00000000        0x0 ..\obj\stm32f0xx_gpio.o
 .bss           0x00000000        0x0 ..\obj\stm32f0xx_gpio.o
 .text.GPIO_DeInit
                0x00000000       0xc8 ..\obj\stm32f0xx_gpio.o
 .text.GPIO_StructInit
                0x00000000       0x30 ..\obj\stm32f0xx_gpio.o
 .text.GPIO_PinLockConfig
                0x00000000       0x44 ..\obj\stm32f0xx_gpio.o
 .text.GPIO_ReadInputDataBit
                0x00000000       0x48 ..\obj\stm32f0xx_gpio.o
 .text.GPIO_ReadInputData
                0x00000000       0x18 ..\obj\stm32f0xx_gpio.o
 .text.GPIO_ReadOutputDataBit
                0x00000000       0x48 ..\obj\stm32f0xx_gpio.o
 .text.GPIO_ReadOutputData
                0x00000000       0x18 ..\obj\stm32f0xx_gpio.o
 .text.GPIO_SetBits
                0x00000000       0x1c ..\obj\stm32f0xx_gpio.o
 .text.GPIO_ResetBits
                0x00000000       0x1c ..\obj\stm32f0xx_gpio.o
 .text.GPIO_WriteBit
                0x00000000       0x30 ..\obj\stm32f0xx_gpio.o
 .text.GPIO_Write
                0x00000000       0x1c ..\obj\stm32f0xx_gpio.o
 .text          0x00000000        0x0 ..\obj\syscalls.o
 .data          0x00000000        0x0 ..\obj\syscalls.o
 .bss           0x00000000        0x4 ..\obj\syscalls.o
 .text._sbrk    0x00000000       0x3c ..\obj\syscalls.o
 .text.link     0x00000000       0x18 ..\obj\syscalls.o
 .text._close   0x00000000       0x14 ..\obj\syscalls.o
 .text._fstat   0x00000000       0x1c ..\obj\syscalls.o
 .text._isatty  0x00000000       0x14 ..\obj\syscalls.o
 .text._lseek   0x00000000       0x18 ..\obj\syscalls.o
 .text._read    0x00000000       0x18 ..\obj\syscalls.o
 .text._write   0x00000000       0x18 ..\obj\syscalls.o
 .text.abort    0x00000000        0x8 ..\obj\syscalls.o
 .debug_info    0x00000000      0x443 ..\obj\syscalls.o
 .debug_abbrev  0x00000000       0xe4 ..\obj\syscalls.o
 .debug_loc     0x00000000      0x1ec ..\obj\syscalls.o
 .debug_aranges
                0x00000000       0x60 ..\obj\syscalls.o
 .debug_ranges  0x00000000       0x50 ..\obj\syscalls.o
 .debug_line    0x00000000      0x1d4 ..\obj\syscalls.o
 .debug_str     0x00000000      0x2c7 ..\obj\syscalls.o
 .comment       0x00000000       0x71 ..\obj\syscalls.o
 .ARM.attributes
                0x00000000       0x31 ..\obj\syscalls.o
 .debug_frame   0x00000000      0x12c ..\obj\syscalls.o
 .text          0x00000000        0x0 ..\obj\stm32f0xx_usart.o
 .data          0x00000000        0x0 ..\obj\stm32f0xx_usart.o
 .bss           0x00000000        0x0 ..\obj\stm32f0xx_usart.o
 .text.USART_DeInit
                0x00000000       0x58 ..\obj\stm32f0xx_usart.o
 .text.USART_StructInit
                0x00000000       0x34 ..\obj\stm32f0xx_usart.o
 .text.USART_ClockInit
                0x00000000       0x48 ..\obj\stm32f0xx_usart.o
 .text.USART_ClockStructInit
                0x00000000       0x28 ..\obj\stm32f0xx_usart.o
 .text.USART_DirectionModeCmd
                0x00000000       0x38 ..\obj\stm32f0xx_usart.o
 .text.USART_OverSampling8Cmd
                0x00000000       0x3c ..\obj\stm32f0xx_usart.o
 .text.USART_OneBitMethodCmd
                0x00000000       0x3c ..\obj\stm32f0xx_usart.o
 .text.USART_MSBFirstCmd
                0x00000000       0x3c ..\obj\stm32f0xx_usart.o
 .text.USART_DataInvCmd
                0x00000000       0x3c ..\obj\stm32f0xx_usart.o
 .text.USART_InvPinCmd
                0x00000000       0x38 ..\obj\stm32f0xx_usart.o
 .text.USART_SWAPPinCmd
                0x00000000       0x3c ..\obj\stm32f0xx_usart.o
 .text.USART_ReceiverTimeOutCmd
                0x00000000       0x3c ..\obj\stm32f0xx_usart.o
 .text.USART_SetReceiverTimeOut
                0x00000000       0x28 ..\obj\stm32f0xx_usart.o
 .text.USART_SetPrescaler
                0x00000000       0x38 ..\obj\stm32f0xx_usart.o
 .text.USART_STOPModeCmd
                0x00000000       0x3c ..\obj\stm32f0xx_usart.o
 .text.USART_StopModeWakeUpSourceConfig
                0x00000000       0x2c ..\obj\stm32f0xx_usart.o
 .text.USART_AutoBaudRateCmd
                0x00000000       0x3c ..\obj\stm32f0xx_usart.o
 .text.USART_AutoBaudRateConfig
                0x00000000       0x2c ..\obj\stm32f0xx_usart.o
 .text.USART_ReceiveData
                0x00000000       0x1c ..\obj\stm32f0xx_usart.o
 .text.USART_SetAddress
                0x00000000       0x30 ..\obj\stm32f0xx_usart.o
 .text.USART_MuteModeCmd
                0x00000000       0x3c ..\obj\stm32f0xx_usart.o
 .text.USART_MuteModeWakeUpConfig
                0x00000000       0x2c ..\obj\stm32f0xx_usart.o
 .text.USART_AddressDetectionConfig
                0x00000000       0x2c ..\obj\stm32f0xx_usart.o
 .text.USART_LINBreakDetectLengthConfig
                0x00000000       0x2c ..\obj\stm32f0xx_usart.o
 .text.USART_LINCmd
                0x00000000       0x3c ..\obj\stm32f0xx_usart.o
 .text.USART_HalfDuplexCmd
                0x00000000       0x3c ..\obj\stm32f0xx_usart.o
 .text.USART_SetGuardTime
                0x00000000       0x3c ..\obj\stm32f0xx_usart.o
 .text.USART_SmartCardCmd
                0x00000000       0x3c ..\obj\stm32f0xx_usart.o
 .text.USART_SmartCardNACKCmd
                0x00000000       0x3c ..\obj\stm32f0xx_usart.o
 .text.USART_SetAutoRetryCount
                0x00000000       0x34 ..\obj\stm32f0xx_usart.o
 .text.USART_SetBlockLength
                0x00000000       0x30 ..\obj\stm32f0xx_usart.o
 .text.USART_IrDAConfig
                0x00000000       0x2c ..\obj\stm32f0xx_usart.o
 .text.USART_IrDACmd
                0x00000000       0x3c ..\obj\stm32f0xx_usart.o
 .text.USART_DECmd
                0x00000000       0x3c ..\obj\stm32f0xx_usart.o
 .text.USART_DEPolarityConfig
                0x00000000       0x2c ..\obj\stm32f0xx_usart.o
 .text.USART_SetDEAssertionTime
                0x00000000       0x30 ..\obj\stm32f0xx_usart.o
 .text.USART_SetDEDeassertionTime
                0x00000000       0x30 ..\obj\stm32f0xx_usart.o
 .text.USART_DMACmd
                0x00000000       0x38 ..\obj\stm32f0xx_usart.o
 .text.USART_DMAReceptionErrorConfig
                0x00000000       0x2c ..\obj\stm32f0xx_usart.o
 .text.USART_ITConfig
                0x00000000       0x84 ..\obj\stm32f0xx_usart.o
 .text.USART_RequestCmd
                0x00000000       0x48 ..\obj\stm32f0xx_usart.o
 .text.USART_OverrunDetectionConfig
                0x00000000       0x2c ..\obj\stm32f0xx_usart.o
 .text.USART_ClearFlag
                0x00000000       0x18 ..\obj\stm32f0xx_usart.o
 .text.USART_GetITStatus
                0x00000000       0xb4 ..\obj\stm32f0xx_usart.o
 .text.USART_ClearITPendingBit
                0x00000000       0x30 ..\obj\stm32f0xx_usart.o
 .text          0x00000000        0x0 ..\obj\LED.o
 .data          0x00000000        0x0 ..\obj\LED.o
 .bss           0x00000000        0x0 ..\obj\LED.o
 .data          0x00000000        0x0 c:/myfiles/science/electronics/microcontrollers/gnu tools arm embedded/4.7 2013q3/bin/../lib/gcc/arm-none-eabi/4.7.4/armv6-m\libgcc.a(_udivsi3.o)
 .bss           0x00000000        0x0 c:/myfiles/science/electronics/microcontrollers/gnu tools arm embedded/4.7 2013q3/bin/../lib/gcc/arm-none-eabi/4.7.4/armv6-m\libgcc.a(_udivsi3.o)
 .data          0x00000000        0x0 c:/myfiles/science/electronics/microcontrollers/gnu tools arm embedded/4.7 2013q3/bin/../lib/gcc/arm-none-eabi/4.7.4/armv6-m\libgcc.a(_dvmd_tls.o)
 .bss           0x00000000        0x0 c:/myfiles/science/electronics/microcontrollers/gnu tools arm embedded/4.7 2013q3/bin/../lib/gcc/arm-none-eabi/4.7.4/armv6-m\libgcc.a(_dvmd_tls.o)

Memory Configuration

Name             Origin             Length             Attributes
rom              0x08000000         0x00008000         xr
ram              0x20000000         0x00001000         xrw
*default*        0x00000000         0xffffffff

Linker script and memory map

                0x20001000                _eram = 0x20001000

.text           0x08000000     0x1ff0
 *(.isr_vector)
 .isr_vector    0x08000000       0xc4 ..\obj\startup_stm32f0xx.o
                0x08000000                g_pfnVectors
 *(.text*)
 .text.RCC_GetClocksFreq
                0x080000c4      0x1cc ..\obj\stm32f0xx_rcc.o
                0x080000c4                RCC_GetClocksFreq
 .text.RCC_AHBPeriphClockCmd
                0x08000290       0x3c ..\obj\stm32f0xx_rcc.o
                0x08000290                RCC_AHBPeriphClockCmd
 .text.RCC_APB2PeriphClockCmd
                0x080002cc       0x3c ..\obj\stm32f0xx_rcc.o
                0x080002cc                RCC_APB2PeriphClockCmd
 .text.SysTick_Handler
                0x08000308       0x20 ..\obj\sys.o
                0x08000308                SysTick_Handler
 .text.delay_ms
                0x08000328       0x28 ..\obj\sys.o
                0x08000328                delay_ms
 .text.RCC_Init
                0x08000350       0x38 ..\obj\sys.o
                0x08000350                RCC_Init
 .text.NVIC_SetPriority
                0x08000388       0xe0 ..\obj\main.o
 .text.SysTick_Config
                0x08000468       0x4c ..\obj\main.o
 .text.USARTInit
                0x080004b4       0xa4 ..\obj\main.o
                0x080004b4                USARTInit
 .text.main     0x08000558       0x70 ..\obj\main.o
                0x08000558                main
 .text.Reset_Handler
                0x080005c8       0x4c ..\obj\startup_stm32f0xx.o
                0x080005c8                Reset_Handler
 .text.Default_Handler
                0x08000614        0x2 ..\obj\startup_stm32f0xx.o
                0x08000614                TIM1_CC_IRQHandler
                0x08000614                HardFault_Handler
                0x08000614                ADC1_COMP_IRQHandler
                0x08000614                PVD_IRQHandler
                0x08000614                PendSV_Handler
                0x08000614                NMI_Handler
                0x08000614                I2C1_IRQHandler
                0x08000614                SPI1_IRQHandler
                0x08000614                TIM6_DAC_IRQHandler
                0x08000614                EXTI2_3_IRQHandler
                0x08000614                I2C2_IRQHandler
                0x08000614                TIM17_IRQHandler
                0x08000614                RTC_IRQHandler
                0x08000614                TIM16_IRQHandler
                0x08000614                TIM3_IRQHandler
                0x08000614                EXTI4_15_IRQHandler
                0x08000614                RCC_IRQHandler
                0x08000614                DMA1_Channel1_IRQHandler
                0x08000614                Default_Handler
                0x08000614                CEC_IRQHandler
                0x08000614                TIM14_IRQHandler
                0x08000614                DMA1_Channel4_5_IRQHandler
                0x08000614                TIM15_IRQHandler
                0x08000614                EXTI0_1_IRQHandler
                0x08000614                SPI2_IRQHandler
                0x08000614                SVC_Handler
                0x08000614                TS_IRQHandler
                0x08000614                WWDG_IRQHandler
                0x08000614                TIM2_IRQHandler
                0x08000614                DMA1_Channel2_3_IRQHandler
                0x08000614                USART2_IRQHandler
                0x08000614                FLASH_IRQHandler
                0x08000614                USART1_IRQHandler
                0x08000614                TIM1_BRK_UP_TRG_COM_IRQHandler
 *fill*         0x08000616        0x2 00
 .text.PrintChar
                0x08000618       0x38 ..\obj\printf.o
                0x08000618                PrintChar
 .text.PutChar  0x08000650       0x20 ..\obj\printf.o
                0x08000650                PutChar
 .text.PutString
                0x08000670       0x3c ..\obj\printf.o
                0x08000670                PutString
 .text.PutUnsignedInt
                0x080006ac       0xa4 ..\obj\printf.o
                0x080006ac                PutUnsignedInt
 .text.PutSignedInt
                0x08000750      0x108 ..\obj\printf.o
                0x08000750                PutSignedInt
 .text.PutHexa  0x08000858       0xec ..\obj\printf.o
                0x08000858                PutHexa
 .text.vsnprintf
                0x08000944      0x230 ..\obj\printf.o
                0x08000944                vsnprintf
 .text.vsprintf
                0x08000b74       0x24 ..\obj\printf.o
                0x08000b74                vsprintf
 .text.vfprintf
                0x08000b98       0x6c ..\obj\printf.o
                0x08000b98                vfprintf
 .text.vprintf  0x08000c04       0x2c ..\obj\printf.o
                0x08000c04                vprintf
 .text.printf   0x08000c30       0x30 ..\obj\printf.o
                0x08000c30                printf
 .text.fputc    0x08000c60       0x40 ..\obj\printf.o
                0x08000c60                fputc
 .text.fputs    0x08000ca0       0x4c ..\obj\printf.o
                0x08000ca0                fputs
 .text.LCD_Init
                0x08000cec      0x184 ..\obj\LCD.o
                0x08000cec                LCD_Init
 .text.LCD_SendRaw
                0x08000e70       0x50 ..\obj\LCD.o
                0x08000e70                LCD_SendRaw
 .text.LCD_Mode
                0x08000ec0       0x2c ..\obj\LCD.o
                0x08000ec0                LCD_Mode
 .text.LCD_SendCommand
                0x08000eec       0x24 ..\obj\LCD.o
                0x08000eec                LCD_SendCommand
 .text.LCD_SendData
                0x08000f10       0x24 ..\obj\LCD.o
                0x08000f10                LCD_SendData
 .text.LCD_Reset
                0x08000f34       0x24 ..\obj\LCD.o
                0x08000f34                LCD_Reset
 .text.LCD_GoTo
                0x08000f58       0x3c ..\obj\LCD.o
                0x08000f58                LCD_GoTo
 .text.LCD_Clear
                0x08000f94       0x50 ..\obj\LCD.o
                0x08000f94                LCD_Clear
 .text.LCD_String
                0x08000fe4       0x50 ..\obj\LCD.o
                0x08000fe4                LCD_String
 .text.LCD_char
                0x08001034       0xf8 ..\obj\LCD.o
                0x08001034                LCD_char
 .text.SPI_Init
                0x0800112c      0x104 ..\obj\stm32f0xx_spi.o
                0x0800112c                SPI_Init
 .text.SPI_Cmd  0x08001230       0x40 ..\obj\stm32f0xx_spi.o
                0x08001230                SPI_Cmd
 .text.SPI_RxFIFOThresholdConfig
                0x08001270       0x3c ..\obj\stm32f0xx_spi.o
                0x08001270                SPI_RxFIFOThresholdConfig
 .text.SPI_SendData8
                0x080012ac       0x2c ..\obj\stm32f0xx_spi.o
                0x080012ac                SPI_SendData8
 .text.SPI_ReceiveData8
                0x080012d8       0x24 ..\obj\stm32f0xx_spi.o
                0x080012d8                SPI_ReceiveData8
 .text.SPI_CalculateCRC
                0x080012fc       0x44 ..\obj\stm32f0xx_spi.o
                0x080012fc                SPI_CalculateCRC
 .text.SPI_I2S_GetFlagStatus
                0x08001340       0x48 ..\obj\stm32f0xx_spi.o
                0x08001340                SPI_I2S_GetFlagStatus
 .text.SystemInit1
                0x08001388       0x8c ..\obj\system_stm32f0xx_temp.o
                0x08001388                SystemInit
                0x08001388                SystemInit1
 .text.SetSysClock1
                0x08001414       0xe0 ..\obj\system_stm32f0xx_temp.o
                0x08001414                SetSysClock
 .text.GPIO_Init
                0x080014f4      0x138 ..\obj\stm32f0xx_gpio.o
                0x080014f4                GPIO_Init
 .text.GPIO_PinAFConfig
                0x0800162c       0x9c ..\obj\stm32f0xx_gpio.o
                0x0800162c                GPIO_PinAFConfig
 .text.USART_Init
                0x080016c8      0x160 ..\obj\stm32f0xx_usart.o
                0x080016c8                USART_Init
 .text.USART_Cmd
                0x08001828       0x3c ..\obj\stm32f0xx_usart.o
                0x08001828                USART_Cmd
 .text.USART_SendData
                0x08001864       0x24 ..\obj\stm32f0xx_usart.o
                0x08001864                USART_SendData
 .text.USART_GetFlagStatus
                0x08001888       0x3c ..\obj\stm32f0xx_usart.o
                0x08001888                USART_GetFlagStatus
 .text.LED_Init
                0x080018c4       0x48 ..\obj\LED.o
                0x080018c4                LED_Init
 .text.LED_On   0x0800190c       0x10 ..\obj\LED.o
                0x0800190c                LED_On
 .text.LED_Off  0x0800191c       0x10 ..\obj\LED.o
                0x0800191c                LED_Off
 .text.LED_Toogle
                0x0800192c       0x24 ..\obj\LED.o
                0x0800192c                LED_Toogle
 .text          0x08001950       0x9c c:/myfiles/science/electronics/microcontrollers/gnu tools arm embedded/4.7 2013q3/bin/../lib/gcc/arm-none-eabi/4.7.4/armv6-m\libgcc.a(_udivsi3.o)
                0x08001950                __aeabi_uidiv
                0x08001950                __udivsi3
                0x080019d8                __aeabi_uidivmod
 .text          0x080019ec        0x4 c:/myfiles/science/electronics/microcontrollers/gnu tools arm embedded/4.7 2013q3/bin/../lib/gcc/arm-none-eabi/4.7.4/armv6-m\libgcc.a(_dvmd_tls.o)
                0x080019ec                __aeabi_idiv0
                0x080019ec                __aeabi_ldiv0
 *(.init)
 *(.fini)
 *crtbegin.o(.ctors)
 *crtbegin?.o(.ctors)
 *(EXCLUDE_FILE(*crtend.o *crtend?.o) .ctors)
 *(SORT(.ctors.*))
 *(.ctors)
 *crtbegin.o(.dtors)
 *crtbegin?.o(.dtors)
 *(EXCLUDE_FILE(*crtend.o *crtend?.o) .dtors)
 *(SORT(.dtors.*))
 *(.dtors)
 *(.rodata*)
 .rodata        0x080019f0       0x18 ..\obj\main.o
 .rodata        0x08001a08      0x534 ..\obj\font.o
                0x08001a08                comicSansMS_17ptBitmaps
                0x08001e04                comicSansMS_17ptDescriptors
                0x08001f30                comicSansMS_17ptFontInfo
 .rodata        0x08001f3c       0xa8 ..\obj\printf.o
 .rodata        0x08001fe4        0xc ..\obj\LCD.o
 *(.eh_fram e*)

.glue_7         0x08001ff0        0x0
 .glue_7        0x00000000        0x0 linker stubs

.glue_7t        0x08001ff0        0x0
 .glue_7t       0x00000000        0x0 linker stubs

.vfp11_veneer   0x08001ff0        0x0
 .vfp11_veneer  0x00000000        0x0 linker stubs

.v4_bx          0x08001ff0        0x0
 .v4_bx         0x00000000        0x0 linker stubs

.iplt           0x08001ff0        0x0
 .iplt          0x00000000        0x0 ..\obj\stm32f0xx_rcc.o

.rel.dyn        0x08001ff0        0x0
 .rel.iplt      0x00000000        0x0 ..\obj\stm32f0xx_rcc.o

.ARM.extab
 *(.ARM.extab* .gnu.linkonce.armextab.*)
                0x08001ff0                __exidx_start = .

.ARM.exidx
 *(.ARM.exidx* .gnu.linkonce.armexidx.*)
                0x08001ff0                __exidx_end = .
                0x08001ff0                __etext = .
                0x08001ff0                _sidata = __etext

.data           0x20000000      0x454 load address 0x08001ff0
                0x20000000                __data_start__ = .
                0x20000000                _sdata = __data_start__
 *(vtable)
 *(.data*)
 .data          0x20000000       0x10 ..\obj\stm32f0xx_rcc.o
 .data          0x20000010      0x430 ..\obj\printf.o
                0x20000010                r
                0x20000438                _impure_ptr
 .data          0x20000440       0x14 ..\obj\system_stm32f0xx_temp.o
                0x20000440                SystemCoreClock
                0x20000444                AHBPrescTable
                0x20000454                . = ALIGN (0x4)
                0x20000454                PROVIDE (__preinit_array_start, .)
 *(.preinit_array)
                0x20000454                PROVIDE (__preinit_array_end, .)
                0x20000454                . = ALIGN (0x4)
                0x20000454                PROVIDE (__init_array_start, .)
 *(SORT(.init_array.*))
 *(.init_array)
                0x20000454                PROVIDE (__init_array_end, .)
                0x20000454                . = ALIGN (0x4)
                0x20000454                PROVIDE (__fini_array_start, .)
 *(SORT(.fini_array.*))
 *(.fini_array)
                0x20000454                PROVIDE (__fini_array_end, .)
 *(.jcr*)
                0x20000454                . = ALIGN (0x4)
                0x20000454                __data_end__ = .
                0x20000454                _edata = __data_end__

.igot.plt       0x20000454        0x0 load address 0x08002444
 .igot.plt      0x00000000        0x0 ..\obj\stm32f0xx_rcc.o

.bss            0x20000454        0x4 load address 0x08002444
                0x20000454                . = ALIGN (0x4)
                0x20000454                __bss_start__ = .
                0x20000454                _sbss = __bss_start__
 *(.bss*)
 *(COMMON)
 COMMON         0x20000454        0x2 ..\obj\sys.o
                0x20000454                ticks_to_wait
                0x20000458                . = ALIGN (0x4)
 *fill*         0x20000456        0x2 00
                0x20000458                __bss_end__ = .
                0x20000458                _ebss = __bss_end__

.heap           0x20000458        0x0
                0x20000458                __end__ = .
                0x20000458                _end = __end__
                0x20000458                end = __end__
 *(.heap*)
                0x20000458                __HeapLimit = .

.co_stack       0x20000458        0x0
                0x20000458                . = ALIGN (0x8)
 *(.co_stack .co_stack.*)
                0x20001000                __StackTop = (ORIGIN (ram) + 0x1000)
                0x20001000                __StackLimit = (__StackTop - SIZEOF (.co_stack))
                0x20001000                PROVIDE (__stack, __StackTop)
                0x00000001                ASSERT ((__StackLimit >= __HeapLimit), region ram  overflowed with stack)
LOAD ..\obj\stm32f0xx_rcc.o
LOAD ..\obj\sys.o
LOAD ..\obj\main.o
LOAD ..\obj\startup_stm32f0xx.o
LOAD ..\obj\font.o
LOAD ..\obj\printf.o
LOAD ..\obj\LCD.o
LOAD ..\obj\stm32f0xx_spi.o
LOAD ..\obj\system_stm32f0xx_temp.o
LOAD ..\obj\stm32f0xx_gpio.o
LOAD ..\obj\syscalls.o
LOAD ..\obj\stm32f0xx_usart.o
LOAD ..\obj\LED.o
START GROUP
LOAD c:/myfiles/science/electronics/microcontrollers/gnu tools arm embedded/4.7 2013q3/bin/../lib/gcc/arm-none-eabi/4.7.4/armv6-m\libgcc.a
LOAD c:/myfiles/science/electronics/microcontrollers/gnu tools arm embedded/4.7 2013q3/bin/../lib/gcc/arm-none-eabi/4.7.4/../../../../arm-none-eabi/lib/armv6-m\libg.a
LOAD c:/myfiles/science/electronics/microcontrollers/gnu tools arm embedded/4.7 2013q3/bin/../lib/gcc/arm-none-eabi/4.7.4/../../../../arm-none-eabi/lib/armv6-m\libc.a
END GROUP
OUTPUT(UART GM.elf elf32-littlearm)

.debug_info     0x00000000     0x54bb
 .debug_info    0x00000000      0xa88 ..\obj\stm32f0xx_rcc.o
 .debug_info    0x00000a88      0x10f ..\obj\sys.o
 .debug_info    0x00000b97      0x7c7 ..\obj\main.o
 .debug_info    0x0000135e       0xd5 ..\obj\startup_stm32f0xx.o
 .debug_info    0x00001433      0x198 ..\obj\font.o
 .debug_info    0x000015cb     0x10a1 ..\obj\printf.o
 .debug_info    0x0000266c      0x76a ..\obj\LCD.o
 .debug_info    0x00002dd6      0xb5b ..\obj\stm32f0xx_spi.o
 .debug_info    0x00003931      0x310 ..\obj\system_stm32f0xx_temp.o
 .debug_info    0x00003c41      0x619 ..\obj\stm32f0xx_gpio.o
 .debug_info    0x0000425a      0xf48 ..\obj\stm32f0xx_usart.o
 .debug_info    0x000051a2      0x319 ..\obj\LED.o

.debug_abbrev   0x00000000     0x103f
 .debug_abbrev  0x00000000      0x1ee ..\obj\stm32f0xx_rcc.o
 .debug_abbrev  0x000001ee       0xb5 ..\obj\sys.o
 .debug_abbrev  0x000002a3      0x1a6 ..\obj\main.o
 .debug_abbrev  0x00000449       0x12 ..\obj\startup_stm32f0xx.o
 .debug_abbrev  0x0000045b       0x9a ..\obj\font.o
 .debug_abbrev  0x000004f5      0x297 ..\obj\printf.o
 .debug_abbrev  0x0000078c      0x1ad ..\obj\LCD.o
 .debug_abbrev  0x00000939      0x1a3 ..\obj\stm32f0xx_spi.o
 .debug_abbrev  0x00000adc      0x136 ..\obj\system_stm32f0xx_temp.o
 .debug_abbrev  0x00000c12      0x19d ..\obj\stm32f0xx_gpio.o
 .debug_abbrev  0x00000daf      0x15e ..\obj\stm32f0xx_usart.o
 .debug_abbrev  0x00000f0d      0x132 ..\obj\LED.o

.debug_loc      0x00000000     0x2588
 .debug_loc     0x00000000      0x864 ..\obj\stm32f0xx_rcc.o
 .debug_loc     0x00000864       0x90 ..\obj\sys.o
 .debug_loc     0x000008f4       0xd4 ..\obj\main.o
 .debug_loc     0x000009c8      0x3ea ..\obj\printf.o
 .debug_loc     0x00000db2      0x224 ..\obj\LCD.o
 .debug_loc     0x00000fd6      0x6ca ..\obj\stm32f0xx_spi.o
 .debug_loc     0x000016a0       0x9c ..\obj\system_stm32f0xx_temp.o
 .debug_loc     0x0000173c      0x2d8 ..\obj\stm32f0xx_gpio.o
 .debug_loc     0x00001a14      0xab8 ..\obj\stm32f0xx_usart.o
 .debug_loc     0x000024cc       0xbc ..\obj\LED.o

.debug_aranges  0x00000000      0x698
 .debug_aranges
                0x00000000      0x150 ..\obj\stm32f0xx_rcc.o
 .debug_aranges
                0x00000150       0x30 ..\obj\sys.o
 .debug_aranges
                0x00000180       0x38 ..\obj\main.o
 .debug_aranges
                0x000001b8       0x28 ..\obj\startup_stm32f0xx.o
 .debug_aranges
                0x000001e0       0x18 ..\obj\font.o
 .debug_aranges
                0x000001f8       0xa0 ..\obj\printf.o
 .debug_aranges
                0x00000298       0x68 ..\obj\LCD.o
 .debug_aranges
                0x00000300      0x110 ..\obj\stm32f0xx_spi.o
 .debug_aranges
                0x00000410       0x30 ..\obj\system_stm32f0xx_temp.o
 .debug_aranges
                0x00000440       0x80 ..\obj\stm32f0xx_gpio.o
 .debug_aranges
                0x000004c0      0x1a0 ..\obj\stm32f0xx_usart.o
 .debug_aranges
                0x00000660       0x38 ..\obj\LED.o

.debug_ranges   0x00000000      0x5d8
 .debug_ranges  0x00000000      0x140 ..\obj\stm32f0xx_rcc.o
 .debug_ranges  0x00000140       0x20 ..\obj\sys.o
 .debug_ranges  0x00000160       0x28 ..\obj\main.o
 .debug_ranges  0x00000188       0x20 ..\obj\startup_stm32f0xx.o
 .debug_ranges  0x000001a8       0x90 ..\obj\printf.o
 .debug_ranges  0x00000238       0x58 ..\obj\LCD.o
 .debug_ranges  0x00000290      0x100 ..\obj\stm32f0xx_spi.o
 .debug_ranges  0x00000390       0x20 ..\obj\system_stm32f0xx_temp.o
 .debug_ranges  0x000003b0       0x70 ..\obj\stm32f0xx_gpio.o
 .debug_ranges  0x00000420      0x190 ..\obj\stm32f0xx_usart.o
 .debug_ranges  0x000005b0       0x28 ..\obj\LED.o

.debug_line     0x00000000     0x24a5
 .debug_line    0x00000000      0x52f ..\obj\stm32f0xx_rcc.o
 .debug_line    0x0000052f      0x19e ..\obj\sys.o
 .debug_line    0x000006cd      0x2c9 ..\obj\main.o
 .debug_line    0x00000996       0xc4 ..\obj\startup_stm32f0xx.o
 .debug_line    0x00000a5a      0x114 ..\obj\font.o
 .debug_line    0x00000b6e      0x4c5 ..\obj\printf.o
 .debug_line    0x00001033      0x320 ..\obj\LCD.o
 .debug_line    0x00001353      0x4a2 ..\obj\stm32f0xx_spi.o
 .debug_line    0x000017f5      0x1af ..\obj\system_stm32f0xx_temp.o
 .debug_line    0x000019a4      0x306 ..\obj\stm32f0xx_gpio.o
 .debug_line    0x00001caa      0x5f1 ..\obj\stm32f0xx_usart.o
 .debug_line    0x0000229b      0x20a ..\obj\LED.o

.debug_str      0x00000000     0x2057
 .debug_str     0x00000000      0x66e ..\obj\stm32f0xx_rcc.o
                                0x6f2 (size before relaxing)
 .debug_str     0x0000066e       0xca ..\obj\sys.o
                                0x1c6 (size before relaxing)
 .debug_str     0x00000738      0x4cd ..\obj\main.o
                                0x624 (size before relaxing)
 .debug_str     0x00000c05       0xea ..\obj\font.o
                                0x1dd (size before relaxing)
 .debug_str     0x00000cef      0x4c6 ..\obj\printf.o
                                0x6b1 (size before relaxing)
 .debug_str     0x000011b5      0x1a1 ..\obj\LCD.o
                                0x549 (size before relaxing)
 .debug_str     0x00001356      0x3cd ..\obj\stm32f0xx_spi.o
                                0x6ba (size before relaxing)
 .debug_str     0x00001723       0xb3 ..\obj\system_stm32f0xx_temp.o
                                0x258 (size before relaxing)
 .debug_str     0x000017d6      0x1a4 ..\obj\stm32f0xx_gpio.o
                                0x448 (size before relaxing)
 .debug_str     0x0000197a      0x674 ..\obj\stm32f0xx_usart.o
                                0x90f (size before relaxing)
 .debug_str     0x00001fee       0x69 ..\obj\LED.o
                                0x361 (size before relaxing)

.comment        0x00000000       0x70
 .comment       0x00000000       0x70 ..\obj\stm32f0xx_rcc.o
                                 0x71 (size before relaxing)
 .comment       0x00000000       0x71 ..\obj\sys.o
 .comment       0x00000000       0x71 ..\obj\main.o
 .comment       0x00000000       0x71 ..\obj\font.o
 .comment       0x00000000       0x71 ..\obj\printf.o
 .comment       0x00000000       0x71 ..\obj\LCD.o
 .comment       0x00000000       0x71 ..\obj\stm32f0xx_spi.o
 .comment       0x00000000       0x71 ..\obj\system_stm32f0xx_temp.o
 .comment       0x00000000       0x71 ..\obj\stm32f0xx_gpio.o
 .comment       0x00000000       0x71 ..\obj\stm32f0xx_usart.o
 .comment       0x00000000       0x71 ..\obj\LED.o

.ARM.attributes
                0x00000000       0x2f
 .ARM.attributes
                0x00000000       0x31 ..\obj\stm32f0xx_rcc.o
 .ARM.attributes
                0x00000031       0x31 ..\obj\sys.o
 .ARM.attributes
                0x00000062       0x31 ..\obj\main.o
 .ARM.attributes
                0x00000093       0x21 ..\obj\startup_stm32f0xx.o
 .ARM.attributes
                0x000000b4       0x31 ..\obj\font.o
 .ARM.attributes
                0x000000e5       0x31 ..\obj\printf.o
 .ARM.attributes
                0x00000116       0x31 ..\obj\LCD.o
 .ARM.attributes
                0x00000147       0x31 ..\obj\stm32f0xx_spi.o
 .ARM.attributes
                0x00000178       0x31 ..\obj\system_stm32f0xx_temp.o
 .ARM.attributes
                0x000001a9       0x31 ..\obj\stm32f0xx_gpio.o
 .ARM.attributes
                0x000001da       0x31 ..\obj\stm32f0xx_usart.o
 .ARM.attributes
                0x0000020b       0x31 ..\obj\LED.o
 .ARM.attributes
                0x0000023c       0x1e c:/myfiles/science/electronics/microcontrollers/gnu tools arm embedded/4.7 2013q3/bin/../lib/gcc/arm-none-eabi/4.7.4/armv6-m\libgcc.a(_udivsi3.o)
 .ARM.attributes
                0x0000025a       0x1e c:/myfiles/science/electronics/microcontrollers/gnu tools arm embedded/4.7 2013q3/bin/../lib/gcc/arm-none-eabi/4.7.4/armv6-m\libgcc.a(_dvmd_tls.o)

.debug_frame    0x00000000     0x1638
 .debug_frame   0x00000000      0x4e4 ..\obj\stm32f0xx_rcc.o
 .debug_frame   0x000004e4       0x68 ..\obj\sys.o
 .debug_frame   0x0000054c       0x90 ..\obj\main.o
 .debug_frame   0x000005dc      0x230 ..\obj\printf.o
 .debug_frame   0x0000080c      0x14c ..\obj\LCD.o
 .debug_frame   0x00000958      0x3f0 ..\obj\stm32f0xx_spi.o
 .debug_frame   0x00000d48       0x6c ..\obj\system_stm32f0xx_temp.o
 .debug_frame   0x00000db4      0x1b0 ..\obj\stm32f0xx_gpio.o
 .debug_frame   0x00000f64      0x630 ..\obj\stm32f0xx_usart.o
 .debug_frame   0x00001594       0x84 ..\obj\LED.o
 .debug_frame   0x00001618       0x20 c:/myfiles/science/electronics/microcontrollers/gnu tools arm embedded/4.7 2013q3/bin/../lib/gcc/arm-none-eabi/4.7.4/armv6-m\libgcc.a(_udivsi3.o)
